../Core/Src/Nokia5110.c:109:6:Nokia5110_Init	8	static
../Core/Src/Nokia5110.c:124:6:LCD_Clear	16	static
../Core/Src/Nokia5110.c:138:6:Nokia5110_Reset	8	static
../Core/Src/Nokia5110.c:149:6:Nokia5110_Write	16	static
../Core/Src/Nokia5110.c:169:6:Nokia5110_BufferWrite	16	static
../Core/Src/Nokia5110.c:179:6:LCD_Write_Char	24	static
../Core/Src/Nokia5110.c:188:6:LCD_Write_String	16	static
../Core/Src/Nokia5110.c:199:6:LCD_Set_Postion	16	static
../Core/Src/Nokia5110.c:207:6:LCD_Write_Command	16	static
